// Jest Snapshot v1, https://goo.gl/fbAQLP

exports[`TodoComponent renders the text inside it 1`] = `ReactWrapper {}`;
